../Core/Src/main.c:140:6:led_blink	8	static
../Core/Src/main.c:145:9:btn1_read	16	static
../Core/Src/main.c:156:9:btn2_read	8	static
../Core/Src/main.c:167:9:btn3_read	16	static
../Core/Src/main.c:206:6:HAL_ADC_ConvCpltCallback	32	static
../Core/Src/main.c:253:6:HAL_GPIO_EXTI_Falling_Callback	16	static
../Core/Src/main.c:308:9:find_string_in_buffer	16	static
../Core/Src/main.c:311:9:gsm_cmd	536	static
../Core/Src/main.c:322:9:gsm_is_valid_resp	8	static
../Core/Src/main.c:326:6:HAL_UART_TxCpltCallback	16	static
../Core/Src/main.c:338:6:led2_blink	8	static
../Core/Src/main.c:342:6:led2_off	8	static
../Core/Src/main.c:347:6:HAL_TIM_PeriodElapsedCallback	24	static
../Core/Src/main.c:445:6:EEPROM_Write	80	static
../Core/Src/main.c:479:6:EEPROM_Read	80	static
../Core/Src/main.c:503:6:eeprom_write	56	static
../Core/Src/main.c:515:9:eeprom_read	48	static
../Core/Src/main.c:553:7:convert_voltage	40	static
../Core/Src/main.c:590:5:main	376	static
../Core/Src/main.c:999:6:SystemClock_Config	88	static
../Core/Src/main.c:1045:13:MX_ADC1_Init	24	static
../Core/Src/main.c:1122:13:MX_I2C1_Init	8	static
../Core/Src/main.c:1170:13:MX_SPI2_Init	8	static
../Core/Src/main.c:1210:13:MX_TIM16_Init	8	static
../Core/Src/main.c:1242:13:MX_USART3_UART_Init	8	static
../Core/Src/main.c:1276:13:MX_DMA_Init	16	static
../Core/Src/main.c:1297:13:MX_GPIO_Init	56	static
../Core/Src/main.c:1402:6:Error_Handler	8	static,ignoring_inline_asm
