../Core/Src/main.c:133:6:led_blink	8	static
../Core/Src/main.c:138:9:btn1_read	16	static
../Core/Src/main.c:149:9:btn2_read	8	static
../Core/Src/main.c:160:9:btn3_read	16	static
../Core/Src/main.c:199:6:HAL_ADC_ConvCpltCallback	32	static
../Core/Src/main.c:238:6:HAL_GPIO_EXTI_Falling_Callback	16	static
../Core/Src/main.c:284:9:find_string_in_buffer	16	static
../Core/Src/main.c:287:9:gsm_cmd	536	static
../Core/Src/main.c:298:9:gsm_is_valid_resp	8	static
../Core/Src/main.c:302:6:HAL_UART_TxCpltCallback	16	static
../Core/Src/main.c:314:6:led2_blink	8	static
../Core/Src/main.c:318:6:led2_off	8	static
../Core/Src/main.c:323:6:HAL_TIM_PeriodElapsedCallback	24	static
../Core/Src/main.c:405:6:EEPROM_Write	80	static
../Core/Src/main.c:439:6:EEPROM_Read	80	static
../Core/Src/main.c:463:6:eeprom_write	56	static
../Core/Src/main.c:475:9:eeprom_read	48	static
../Core/Src/main.c:513:7:convert_voltage	40	static
../Core/Src/main.c:534:5:main	344	static
../Core/Src/main.c:987:6:SystemClock_Config	88	static
../Core/Src/main.c:1033:13:MX_ADC1_Init	24	static
../Core/Src/main.c:1110:13:MX_I2C1_Init	8	static
../Core/Src/main.c:1158:13:MX_SPI2_Init	8	static
../Core/Src/main.c:1198:13:MX_TIM16_Init	8	static
../Core/Src/main.c:1230:13:MX_USART3_UART_Init	8	static
../Core/Src/main.c:1264:13:MX_DMA_Init	16	static
../Core/Src/main.c:1285:13:MX_GPIO_Init	56	static
../Core/Src/main.c:1392:6:Error_Handler	8	static,ignoring_inline_asm
