../Core/Src/main.c:131:6:led_blink	8	static
../Core/Src/main.c:136:9:btn1_read	16	static
../Core/Src/main.c:147:9:btn2_read	8	static
../Core/Src/main.c:158:9:btn3_read	16	static
../Core/Src/main.c:197:6:HAL_ADC_ConvCpltCallback	32	static
../Core/Src/main.c:236:6:HAL_GPIO_EXTI_Falling_Callback	16	static
../Core/Src/main.c:281:9:find_string_in_buffer	16	static
../Core/Src/main.c:284:9:gsm_cmd	536	static
../Core/Src/main.c:295:9:gsm_is_valid_resp	8	static
../Core/Src/main.c:299:6:HAL_UART_TxCpltCallback	16	static
../Core/Src/main.c:310:6:HAL_TIM_PeriodElapsedCallback	24	static
../Core/Src/main.c:382:6:EEPROM_Write	80	static
../Core/Src/main.c:416:6:EEPROM_Read	80	static
../Core/Src/main.c:440:6:eeprom_write	56	static
../Core/Src/main.c:452:9:eeprom_read	48	static
../Core/Src/main.c:490:7:convert_voltage	40	static
../Core/Src/main.c:511:5:main	344	static
../Core/Src/main.c:916:6:SystemClock_Config	88	static
../Core/Src/main.c:962:13:MX_ADC1_Init	24	static
../Core/Src/main.c:1039:13:MX_I2C1_Init	8	static
../Core/Src/main.c:1087:13:MX_SPI2_Init	8	static
../Core/Src/main.c:1127:13:MX_TIM16_Init	8	static
../Core/Src/main.c:1159:13:MX_USART3_UART_Init	8	static
../Core/Src/main.c:1193:13:MX_DMA_Init	16	static
../Core/Src/main.c:1214:13:MX_GPIO_Init	56	static
../Core/Src/main.c:1321:6:Error_Handler	8	static,ignoring_inline_asm
