../Core/Src/main.c:142:6:led_blink	8	static
../Core/Src/main.c:147:9:btn1_read	16	static
../Core/Src/main.c:158:9:btn2_read	8	static
../Core/Src/main.c:169:9:btn3_read	16	static
../Core/Src/main.c:208:6:HAL_ADC_ConvCpltCallback	32	static
../Core/Src/main.c:255:6:HAL_GPIO_EXTI_Falling_Callback	16	static
../Core/Src/main.c:310:9:find_string_in_buffer	16	static
../Core/Src/main.c:313:9:gsm_cmd	536	static
../Core/Src/main.c:324:9:gsm_is_valid_resp	8	static
../Core/Src/main.c:328:6:HAL_UART_TxCpltCallback	16	static
../Core/Src/main.c:340:6:led2_blink	8	static
../Core/Src/main.c:344:6:led2_off	8	static
../Core/Src/main.c:349:6:HAL_TIM_PeriodElapsedCallback	24	static
../Core/Src/main.c:447:6:EEPROM_Write	80	static
../Core/Src/main.c:481:6:EEPROM_Read	80	static
../Core/Src/main.c:505:6:eeprom_write	56	static
../Core/Src/main.c:517:9:eeprom_read	48	static
../Core/Src/main.c:555:7:convert_voltage	40	static
../Core/Src/main.c:592:5:main	376	static
../Core/Src/main.c:1004:6:SystemClock_Config	88	static
../Core/Src/main.c:1050:13:MX_ADC1_Init	24	static
../Core/Src/main.c:1127:13:MX_I2C1_Init	8	static
../Core/Src/main.c:1175:13:MX_SPI2_Init	8	static
../Core/Src/main.c:1215:13:MX_TIM16_Init	8	static
../Core/Src/main.c:1247:13:MX_USART3_UART_Init	8	static
../Core/Src/main.c:1281:13:MX_DMA_Init	16	static
../Core/Src/main.c:1302:13:MX_GPIO_Init	56	static
../Core/Src/main.c:1407:6:Error_Handler	8	static,ignoring_inline_asm
