../Core/Src/main.c:130:6:led_blink	8	static
../Core/Src/main.c:135:9:btn1_read	16	static
../Core/Src/main.c:146:9:btn2_read	8	static
../Core/Src/main.c:157:9:btn3_read	16	static
../Core/Src/main.c:196:6:HAL_ADC_ConvCpltCallback	32	static
../Core/Src/main.c:235:6:HAL_GPIO_EXTI_Falling_Callback	16	static
../Core/Src/main.c:280:9:find_string_in_buffer	16	static
../Core/Src/main.c:283:9:gsm_cmd	536	static
../Core/Src/main.c:294:9:gsm_is_valid_resp	8	static
../Core/Src/main.c:298:6:HAL_UART_TxCpltCallback	16	static
../Core/Src/main.c:309:6:HAL_TIM_PeriodElapsedCallback	24	static
../Core/Src/main.c:381:6:EEPROM_Write	80	static
../Core/Src/main.c:415:6:EEPROM_Read	80	static
../Core/Src/main.c:439:6:eeprom_write	56	static
../Core/Src/main.c:451:9:eeprom_read	48	static
../Core/Src/main.c:489:7:convert_voltage	40	static
../Core/Src/main.c:510:5:main	344	static
../Core/Src/main.c:915:6:SystemClock_Config	88	static
../Core/Src/main.c:961:13:MX_ADC1_Init	24	static
../Core/Src/main.c:1038:13:MX_I2C1_Init	8	static
../Core/Src/main.c:1086:13:MX_SPI2_Init	8	static
../Core/Src/main.c:1126:13:MX_TIM16_Init	8	static
../Core/Src/main.c:1158:13:MX_USART3_UART_Init	8	static
../Core/Src/main.c:1192:13:MX_DMA_Init	16	static
../Core/Src/main.c:1213:13:MX_GPIO_Init	56	static
../Core/Src/main.c:1320:6:Error_Handler	8	static,ignoring_inline_asm
