../Core/Src/main.c:122:6:led_blink	8	static
../Core/Src/main.c:127:9:btn1_read	16	static
../Core/Src/main.c:138:9:btn2_read	8	static
../Core/Src/main.c:149:9:btn3_read	16	static
../Core/Src/main.c:188:6:HAL_ADC_ConvCpltCallback	32	static
../Core/Src/main.c:227:6:HAL_GPIO_EXTI_Falling_Callback	16	static
../Core/Src/main.c:272:9:find_string_in_buffer	16	static
../Core/Src/main.c:275:9:gsm_cmd	536	static
../Core/Src/main.c:286:9:gsm_is_valid_resp	8	static
../Core/Src/main.c:290:6:HAL_UART_TxCpltCallback	16	static
../Core/Src/main.c:301:6:HAL_TIM_PeriodElapsedCallback	24	static
../Core/Src/main.c:433:6:eeprom_write	48	static
../Core/Src/main.c:439:9:eeprom_read	48	static
../Core/Src/main.c:444:6:kwh_update	24	static
../Core/Src/main.c:461:5:main	264	static
../Core/Src/main.c:820:6:SystemClock_Config	88	static
../Core/Src/main.c:866:13:MX_ADC1_Init	24	static
../Core/Src/main.c:943:13:MX_I2C1_Init	8	static
../Core/Src/main.c:991:13:MX_I2C2_Init	8	static
../Core/Src/main.c:1039:13:MX_SPI2_Init	8	static
../Core/Src/main.c:1079:13:MX_TIM16_Init	8	static
../Core/Src/main.c:1111:13:MX_USART3_UART_Init	8	static
../Core/Src/main.c:1145:13:MX_DMA_Init	16	static
../Core/Src/main.c:1163:13:MX_GPIO_Init	56	static
../Core/Src/main.c:1270:6:Error_Handler	8	static,ignoring_inline_asm
