../Core/Src/main.c:124:6:led_blink	8	static
../Core/Src/main.c:129:9:btn1_read	16	static
../Core/Src/main.c:140:9:btn2_read	8	static
../Core/Src/main.c:151:9:btn3_read	16	static
../Core/Src/main.c:190:6:HAL_ADC_ConvCpltCallback	32	static
../Core/Src/main.c:229:6:HAL_GPIO_EXTI_Falling_Callback	16	static
../Core/Src/main.c:274:9:find_string_in_buffer	16	static
../Core/Src/main.c:277:9:gsm_cmd	536	static
../Core/Src/main.c:288:9:gsm_is_valid_resp	8	static
../Core/Src/main.c:292:6:HAL_UART_TxCpltCallback	16	static
../Core/Src/main.c:303:6:HAL_TIM_PeriodElapsedCallback	24	static
../Core/Src/main.c:435:6:eeprom_write	48	static
../Core/Src/main.c:441:9:eeprom_read	48	static
../Core/Src/main.c:454:5:main	336	static
../Core/Src/main.c:816:6:SystemClock_Config	88	static
../Core/Src/main.c:862:13:MX_ADC1_Init	24	static
../Core/Src/main.c:939:13:MX_I2C1_Init	8	static
../Core/Src/main.c:987:13:MX_I2C2_Init	8	static
../Core/Src/main.c:1035:13:MX_SPI2_Init	8	static
../Core/Src/main.c:1075:13:MX_TIM16_Init	8	static
../Core/Src/main.c:1107:13:MX_USART3_UART_Init	8	static
../Core/Src/main.c:1141:13:MX_DMA_Init	16	static
../Core/Src/main.c:1159:13:MX_GPIO_Init	56	static
../Core/Src/main.c:1266:6:Error_Handler	8	static,ignoring_inline_asm
