../Core/Src/main.c:133:6:led_blink	1
../Core/Src/main.c:138:9:btn1_read	5
../Core/Src/main.c:149:9:btn2_read	4
../Core/Src/main.c:160:9:btn3_read	5
../Core/Src/main.c:199:6:HAL_ADC_ConvCpltCallback	5
../Core/Src/main.c:238:6:HAL_GPIO_EXTI_Falling_Callback	3
../Core/Src/main.c:283:9:find_string_in_buffer	1
../Core/Src/main.c:286:9:gsm_cmd	1
../Core/Src/main.c:297:9:gsm_is_valid_resp	1
../Core/Src/main.c:301:6:HAL_UART_TxCpltCallback	2
../Core/Src/main.c:313:6:led2_blink	1
../Core/Src/main.c:317:6:led2_off	1
../Core/Src/main.c:322:6:HAL_TIM_PeriodElapsedCallback	20
../Core/Src/main.c:401:6:EEPROM_Write	3
../Core/Src/main.c:435:6:EEPROM_Read	3
../Core/Src/main.c:459:6:eeprom_write	1
../Core/Src/main.c:471:9:eeprom_read	3
../Core/Src/main.c:509:7:convert_voltage	4
../Core/Src/main.c:530:5:main	46
../Core/Src/main.c:947:6:SystemClock_Config	3
../Core/Src/main.c:993:13:MX_ADC1_Init	5
../Core/Src/main.c:1070:13:MX_I2C1_Init	4
../Core/Src/main.c:1118:13:MX_SPI2_Init	2
../Core/Src/main.c:1158:13:MX_TIM16_Init	2
../Core/Src/main.c:1190:13:MX_USART3_UART_Init	2
../Core/Src/main.c:1224:13:MX_DMA_Init	1
../Core/Src/main.c:1245:13:MX_GPIO_Init	1
../Core/Src/main.c:1352:6:Error_Handler	1
