../Core/Src/main.c:133:6:led_blink	8	static
../Core/Src/main.c:138:9:btn1_read	16	static
../Core/Src/main.c:149:9:btn2_read	8	static
../Core/Src/main.c:160:9:btn3_read	16	static
../Core/Src/main.c:199:6:HAL_ADC_ConvCpltCallback	32	static
../Core/Src/main.c:238:6:HAL_GPIO_EXTI_Falling_Callback	16	static
../Core/Src/main.c:283:9:find_string_in_buffer	16	static
../Core/Src/main.c:286:9:gsm_cmd	536	static
../Core/Src/main.c:297:9:gsm_is_valid_resp	8	static
../Core/Src/main.c:301:6:HAL_UART_TxCpltCallback	16	static
../Core/Src/main.c:313:6:led2_blink	8	static
../Core/Src/main.c:317:6:led2_off	8	static
../Core/Src/main.c:322:6:HAL_TIM_PeriodElapsedCallback	24	static
../Core/Src/main.c:401:6:EEPROM_Write	80	static
../Core/Src/main.c:435:6:EEPROM_Read	80	static
../Core/Src/main.c:459:6:eeprom_write	56	static
../Core/Src/main.c:471:9:eeprom_read	48	static
../Core/Src/main.c:509:7:convert_voltage	40	static
../Core/Src/main.c:530:5:main	344	static
../Core/Src/main.c:947:6:SystemClock_Config	88	static
../Core/Src/main.c:993:13:MX_ADC1_Init	24	static
../Core/Src/main.c:1070:13:MX_I2C1_Init	8	static
../Core/Src/main.c:1118:13:MX_SPI2_Init	8	static
../Core/Src/main.c:1158:13:MX_TIM16_Init	8	static
../Core/Src/main.c:1190:13:MX_USART3_UART_Init	8	static
../Core/Src/main.c:1224:13:MX_DMA_Init	16	static
../Core/Src/main.c:1245:13:MX_GPIO_Init	56	static
../Core/Src/main.c:1352:6:Error_Handler	8	static,ignoring_inline_asm
