../Core/Src/main.c:127:6:led_blink	8	static
../Core/Src/main.c:132:9:btn1_read	16	static
../Core/Src/main.c:143:9:btn2_read	8	static
../Core/Src/main.c:154:9:btn3_read	16	static
../Core/Src/main.c:193:6:HAL_ADC_ConvCpltCallback	32	static
../Core/Src/main.c:232:6:HAL_GPIO_EXTI_Falling_Callback	16	static
../Core/Src/main.c:277:9:find_string_in_buffer	16	static
../Core/Src/main.c:280:9:gsm_cmd	536	static
../Core/Src/main.c:291:9:gsm_is_valid_resp	8	static
../Core/Src/main.c:295:6:HAL_UART_TxCpltCallback	16	static
../Core/Src/main.c:306:6:HAL_TIM_PeriodElapsedCallback	24	static
../Core/Src/main.c:378:6:EEPROM_Write	80	static
../Core/Src/main.c:412:6:EEPROM_Read	80	static
../Core/Src/main.c:436:6:eeprom_write	56	static
../Core/Src/main.c:448:9:eeprom_read	48	static
../Core/Src/main.c:473:5:main	344	static
../Core/Src/main.c:863:6:SystemClock_Config	88	static
../Core/Src/main.c:909:13:MX_ADC1_Init	24	static
../Core/Src/main.c:986:13:MX_I2C1_Init	8	static
../Core/Src/main.c:1034:13:MX_SPI2_Init	8	static
../Core/Src/main.c:1074:13:MX_TIM16_Init	8	static
../Core/Src/main.c:1106:13:MX_USART3_UART_Init	8	static
../Core/Src/main.c:1140:13:MX_DMA_Init	16	static
../Core/Src/main.c:1161:13:MX_GPIO_Init	56	static
../Core/Src/main.c:1268:6:Error_Handler	8	static,ignoring_inline_asm
